2025-12-26 00:28:59,720 | INFO | App started.
2025-12-26 00:28:59,825 | INFO | Platform: Windows 11 | Python 3.14.2 (32-bit)
2025-12-26 00:33:25,020 | INFO | Loading PullSDK DLL: plcommpro.dll
2025-12-26 00:33:25,144 | INFO | PullSDK loaded OK.
2025-12-26 00:33:25,144 | INFO | PullSDK Connect: protocol=TCP,ipaddress=192.168.0.4,port=4370,timeout=5000,passwd=
2025-12-26 00:33:33,260 | ERROR | Connect failed
Traceback (most recent call last):
  File "C:\Users\mohaa\Desktop\monclub_access_python\app\ui\pages\device_page.py", line 65, in connect
    self.sdk.connect(
    ~~~~~~~~~~~~~~~~^
        ip=self.app.cfg.ip,
        ^^^^^^^^^^^^^^^^^^^
    ...<2 lines>...
        password=self.app.cfg.password,
        ^^^^^^^^^^^^^^^^^^^^^^^^^^^^^^^
    )
    ^
  File "C:\Users\mohaa\Desktop\monclub_access_python\app\sdk\pullsdk.py", line 78, in connect
    raise PullSDKError(f"Connection FAILED ({ip}:{port}) PullLastError={err}")
app.sdk.pullsdk.PullSDKError: Connection FAILED (192.168.0.4:4370) PullLastError=-307
2025-12-26 00:33:51,081 | INFO | Loading ZKFinger DLL: zkfp.dll
2025-12-26 00:33:51,081 | ERROR | Scanner init failed
Traceback (most recent call last):
  File "C:\Users\mohaa\Desktop\monclub_access_python\app\sdk\zkfinger.py", line 47, in load
    self._dll = ctypes.WinDLL(self.dll_path)
                ~~~~~~~~~~~~~^^^^^^^^^^^^^^^
  File "C:\Users\mohaa\AppData\Local\Programs\Python\Python314-32\Lib\ctypes\__init__.py", line 433, in __init__
    self._handle = self._load_library(name, mode, handle, winmode)
                   ~~~~~~~~~~~~~~~~~~^^^^^^^^^^^^^^^^^^^^^^^^^^^^^
  File "C:\Users\mohaa\AppData\Local\Programs\Python\Python314-32\Lib\ctypes\__init__.py", line 451, in _load_library
    return _LoadLibrary(self._name, winmode)
FileNotFoundError: Could not find module 'zkfp.dll' (or one of its dependencies). Try using the full path with constructor syntax.

During handling of the above exception, another exception occurred:

Traceback (most recent call last):
  File "C:\Users\mohaa\Desktop\monclub_access_python\app\ui\pages\enroll_page.py", line 71, in init_scanner
    self.zk.init()
    ~~~~~~~~~~~~^^
  File "C:\Users\mohaa\Desktop\monclub_access_python\app\sdk\zkfinger.py", line 86, in init
    self.load()
    ~~~~~~~~~^^
  File "C:\Users\mohaa\Desktop\monclub_access_python\app\sdk\zkfinger.py", line 75, in load
    raise ZKFingerError(f"Failed to load zkfp.dll: {e}")
app.sdk.zkfinger.ZKFingerError: Failed to load zkfp.dll: Could not find module 'zkfp.dll' (or one of its dependencies). Try using the full path with constructor syntax.
2025-12-26 00:36:15,468 | INFO | Loading ZKFinger DLL: zkfp.dll
2025-12-26 00:36:15,469 | ERROR | Scanner init failed
Traceback (most recent call last):
  File "C:\Users\mohaa\Desktop\monclub_access_python\app\sdk\zkfinger.py", line 47, in load
    self._dll = ctypes.WinDLL(self.dll_path)
                ~~~~~~~~~~~~~^^^^^^^^^^^^^^^
  File "C:\Users\mohaa\AppData\Local\Programs\Python\Python314-32\Lib\ctypes\__init__.py", line 433, in __init__
    self._handle = self._load_library(name, mode, handle, winmode)
                   ~~~~~~~~~~~~~~~~~~^^^^^^^^^^^^^^^^^^^^^^^^^^^^^
  File "C:\Users\mohaa\AppData\Local\Programs\Python\Python314-32\Lib\ctypes\__init__.py", line 451, in _load_library
    return _LoadLibrary(self._name, winmode)
FileNotFoundError: Could not find module 'zkfp.dll' (or one of its dependencies). Try using the full path with constructor syntax.

During handling of the above exception, another exception occurred:

Traceback (most recent call last):
  File "C:\Users\mohaa\Desktop\monclub_access_python\app\ui\pages\enroll_page.py", line 71, in init_scanner
    self.zk.init()
    ~~~~~~~~~~~~^^
  File "C:\Users\mohaa\Desktop\monclub_access_python\app\sdk\zkfinger.py", line 86, in init
    self.load()
    ~~~~~~~~~^^
  File "C:\Users\mohaa\Desktop\monclub_access_python\app\sdk\zkfinger.py", line 75, in load
    raise ZKFingerError(f"Failed to load zkfp.dll: {e}")
app.sdk.zkfinger.ZKFingerError: Failed to load zkfp.dll: Could not find module 'zkfp.dll' (or one of its dependencies). Try using the full path with constructor syntax.
2025-12-26 00:38:51,198 | INFO | Loading ZKFinger DLL: zkfp.dll
2025-12-26 00:38:51,199 | ERROR | Scanner init failed
Traceback (most recent call last):
  File "C:\Users\mohaa\Desktop\monclub_access_python\app\sdk\zkfinger.py", line 47, in load
    self._dll = ctypes.WinDLL(self.dll_path)
                ~~~~~~~~~~~~~^^^^^^^^^^^^^^^
  File "C:\Users\mohaa\AppData\Local\Programs\Python\Python314-32\Lib\ctypes\__init__.py", line 433, in __init__
    self._handle = self._load_library(name, mode, handle, winmode)
                   ~~~~~~~~~~~~~~~~~~^^^^^^^^^^^^^^^^^^^^^^^^^^^^^
  File "C:\Users\mohaa\AppData\Local\Programs\Python\Python314-32\Lib\ctypes\__init__.py", line 451, in _load_library
    return _LoadLibrary(self._name, winmode)
FileNotFoundError: Could not find module 'zkfp.dll' (or one of its dependencies). Try using the full path with constructor syntax.

During handling of the above exception, another exception occurred:

Traceback (most recent call last):
  File "C:\Users\mohaa\Desktop\monclub_access_python\app\ui\pages\enroll_page.py", line 71, in init_scanner
    self.zk.init()
    ~~~~~~~~~~~~^^
  File "C:\Users\mohaa\Desktop\monclub_access_python\app\sdk\zkfinger.py", line 86, in init
    self.load()
    ~~~~~~~~~^^
  File "C:\Users\mohaa\Desktop\monclub_access_python\app\sdk\zkfinger.py", line 75, in load
    raise ZKFingerError(f"Failed to load zkfp.dll: {e}")
app.sdk.zkfinger.ZKFingerError: Failed to load zkfp.dll: Could not find module 'zkfp.dll' (or one of its dependencies). Try using the full path with constructor syntax.
2025-12-26 00:47:15,346 | INFO | App started.
2025-12-26 00:47:15,450 | INFO | Platform: Windows 11 | Python 3.14.2 (32-bit)
2025-12-26 00:47:24,141 | INFO | Config saved to data/config.json
2025-12-26 00:47:24,363 | INFO | Loading PullSDK DLL: plcommpro.dll
2025-12-26 00:47:24,365 | INFO | PullSDK loaded OK.
2025-12-26 00:47:27,803 | INFO | Config saved to data/config.json
2025-12-26 00:47:27,804 | INFO | Loading ZKFinger DLL: zkfp.dll
2025-12-26 00:47:27,804 | ERROR | ZKFinger check failed
Traceback (most recent call last):
  File "C:\Users\mohaa\Desktop\monclub_access_python\app\sdk\zkfinger.py", line 47, in load
    self._dll = ctypes.WinDLL(self.dll_path)
                ~~~~~~~~~~~~~^^^^^^^^^^^^^^^
  File "C:\Users\mohaa\AppData\Local\Programs\Python\Python314-32\Lib\ctypes\__init__.py", line 433, in __init__
    self._handle = self._load_library(name, mode, handle, winmode)
                   ~~~~~~~~~~~~~~~~~~^^^^^^^^^^^^^^^^^^^^^^^^^^^^^
  File "C:\Users\mohaa\AppData\Local\Programs\Python\Python314-32\Lib\ctypes\__init__.py", line 451, in _load_library
    return _LoadLibrary(self._name, winmode)
FileNotFoundError: Could not find module 'zkfp.dll' (or one of its dependencies). Try using the full path with constructor syntax.

During handling of the above exception, another exception occurred:

Traceback (most recent call last):
  File "C:\Users\mohaa\Desktop\monclub_access_python\app\ui\pages\configuration_page.py", line 112, in check_zkfinger
    z.load()
    ~~~~~~^^
  File "C:\Users\mohaa\Desktop\monclub_access_python\app\sdk\zkfinger.py", line 75, in load
    raise ZKFingerError(f"Failed to load zkfp.dll: {e}")
app.sdk.zkfinger.ZKFingerError: Failed to load zkfp.dll: Could not find module 'zkfp.dll' (or one of its dependencies). Try using the full path with constructor syntax.
2025-12-26 00:53:34,634 | INFO | Config saved to data/config.json
2025-12-26 00:53:34,635 | INFO | Loading ZKFinger DLL: libzkfp.dll
2025-12-26 00:53:37,021 | INFO | ZKFinger DLL loaded (functions may be partial depending on your SDK).
2025-12-26 00:54:50,382 | INFO | App started.
2025-12-26 00:54:50,465 | INFO | Platform: Windows 11 | Python 3.14.2 (32-bit)
2025-12-26 00:54:52,233 | INFO | Config saved to data/config.json
2025-12-26 00:54:52,321 | INFO | Loading ZKFinger DLL: libzkfp.dll
2025-12-26 00:54:52,329 | INFO | ZKFinger DLL loaded (functions may be partial depending on your SDK).
2025-12-26 00:54:54,846 | INFO | Config saved to data/config.json
2025-12-26 00:54:54,847 | INFO | Loading PullSDK DLL: plcommpro.dll
2025-12-26 00:54:54,851 | INFO | PullSDK loaded OK.
2025-12-26 00:55:04,711 | INFO | Loading ZKFinger DLL: libzkfp.dll
2025-12-26 00:55:04,712 | INFO | ZKFinger DLL loaded (functions may be partial depending on your SDK).
2025-12-26 00:55:05,603 | INFO | ZKFPM_Init rc=-1
2025-12-26 00:55:05,604 | ERROR | Scanner init failed
Traceback (most recent call last):
  File "C:\Users\mohaa\Desktop\monclub_access_python\app\ui\pages\enroll_page.py", line 71, in init_scanner
    self.zk.init()
    ~~~~~~~~~~~~^^
  File "C:\Users\mohaa\Desktop\monclub_access_python\app\sdk\zkfinger.py", line 92, in init
    raise ZKFingerError(f"ZKFPM_Init failed rc={rc}")
app.sdk.zkfinger.ZKFingerError: ZKFPM_Init failed rc=-1
2025-12-26 01:02:47,065 | INFO | App started.
2025-12-26 01:02:47,217 | INFO | Platform: Windows 11 | Python 3.14.2 (32-bit)
2025-12-26 01:02:49,344 | INFO | Config saved to data/config.json
2025-12-26 01:02:49,430 | INFO | Loading ZKFinger DLL: libzkfp.dll
2025-12-26 01:02:49,435 | INFO | ZKFinger DLL loaded (functions may be partial depending on your SDK).
2025-12-26 01:02:53,832 | INFO | Loading ZKFinger DLL: libzkfp.dll
2025-12-26 01:02:53,833 | INFO | ZKFinger DLL loaded (functions may be partial depending on your SDK).
2025-12-26 01:02:53,840 | INFO | ZKFPM_Init rc=-1
2025-12-26 01:02:53,840 | ERROR | Scanner init failed
Traceback (most recent call last):
  File "C:\Users\mohaa\Desktop\monclub_access_python\app\ui\pages\enroll_page.py", line 71, in init_scanner
    self.zk.init()
    ~~~~~~~~~~~~^^
  File "C:\Users\mohaa\Desktop\monclub_access_python\app\sdk\zkfinger.py", line 92, in init
    raise ZKFingerError(f"ZKFPM_Init failed rc={rc}")
app.sdk.zkfinger.ZKFingerError: ZKFPM_Init failed rc=-1
2025-12-26 22:11:36,243 | INFO | App started.
2025-12-26 22:11:36,306 | INFO | Platform: Windows 11 | Python 3.14.2 (32-bit)
2025-12-26 22:11:38,714 | INFO | Config saved to data/config.json
2025-12-26 22:11:38,882 | INFO | Loading ZKFinger DLL: libzkfp.dll
2025-12-26 22:11:39,719 | INFO | ZKFinger DLL loaded (functions may be partial depending on your SDK).
2025-12-26 22:11:42,780 | INFO | Loading ZKFinger DLL: libzkfp.dll
2025-12-26 22:11:42,781 | INFO | ZKFinger DLL loaded (functions may be partial depending on your SDK).
2025-12-26 22:11:43,679 | INFO | ZKFPM_Init rc=-1
2025-12-26 22:11:43,679 | ERROR | Scanner init failed
Traceback (most recent call last):
  File "C:\Users\mohaa\Desktop\monclub_access_python\app\ui\pages\enroll_page.py", line 71, in init_scanner
    self.zk.init()
    ~~~~~~~~~~~~^^
  File "C:\Users\mohaa\Desktop\monclub_access_python\app\sdk\zkfinger.py", line 92, in init
    raise ZKFingerError(f"ZKFPM_Init failed rc={rc}")
app.sdk.zkfinger.ZKFingerError: ZKFPM_Init failed rc=-1
2025-12-26 22:26:42,010 | INFO | App started.
2025-12-26 22:26:42,082 | INFO | Platform: Windows 11 | Python 3.14.2 (32-bit)
2025-12-26 22:26:44,116 | INFO | Config saved to data/config.json
2025-12-26 22:26:44,204 | ERROR | ZKFinger check failed
Traceback (most recent call last):
  File "C:\Users\mohaa\Desktop\monclub_access_python\app\ui\pages\configuration_page.py", line 111, in check_zkfinger
    z = ZKFinger(self.app.cfg.zkfp_dll_path, logger=self.app.logger)
TypeError: ZKFinger.__init__() got an unexpected keyword argument 'logger'
2025-12-26 22:28:43,942 | INFO | App started.
2025-12-26 22:28:44,006 | INFO | Platform: Windows 11 | Python 3.14.2 (32-bit)
2025-12-26 22:28:45,494 | INFO | Config saved to data/config.json
2025-12-26 22:28:45,576 | INFO | ZKFinger: dll_path=C:\Users\mohaa\Desktop\monclub_access_python\app\sdk\libzkfp.dll
2025-12-26 22:28:45,576 | INFO | ZKFinger: dll_dir=C:\Users\mohaa\Desktop\monclub_access_python\app\sdk
2025-12-26 22:28:45,617 | INFO | ZKFinger: dll_arch=x86 | python_arch=x86 | platform=Windows-11-10.0.26200-SP0
2025-12-26 22:28:45,617 | INFO | ZKFinger: added DLL directory: C:\Users\mohaa\Desktop\monclub_access_python\app\sdk
2025-12-26 22:28:50,034 | INFO | ZKFinger: dll_path=C:\Users\mohaa\Desktop\monclub_access_python\app\sdk\libzkfp.dll
2025-12-26 22:28:50,035 | INFO | ZKFinger: dll_dir=C:\Users\mohaa\Desktop\monclub_access_python\app\sdk
2025-12-26 22:28:50,035 | INFO | ZKFinger: dll_arch=x86 | python_arch=x86 | platform=Windows-11-10.0.26200-SP0
2025-12-26 22:28:50,035 | INFO | ZKFinger: added DLL directory: C:\Users\mohaa\Desktop\monclub_access_python\app\sdk
2025-12-26 22:28:50,060 | INFO | ZKFPM_Init rc=-1
2025-12-26 22:28:50,060 | ERROR | Scanner init failed
Traceback (most recent call last):
  File "C:\Users\mohaa\Desktop\monclub_access_python\app\ui\pages\enroll_page.py", line 71, in init_scanner
    self.zk.init()
    ~~~~~~~~~~~~^^
  File "C:\Users\mohaa\Desktop\monclub_access_python\app\sdk\zkfinger.py", line 238, in init
    raise ZKFingerError(f"ZKFPM_Init failed: {_rc_explain(rc)}{hint}")
app.sdk.zkfinger.ZKFingerError: ZKFPM_Init failed: -1 (Failed to initialize the algorithm library)
Most common cause for rc=-1: you copied only libzkfp.dll but NOT the full SDK DLL set.
Fix: copy ALL DLLs from the official SDK demo x86 folder into: C:\Users\mohaa\Desktop\monclub_access_python\app\sdk
Then restart the app.
2025-12-26 22:49:35,041 | INFO | App started.
2025-12-26 22:49:35,107 | INFO | Platform: Windows 11 | Python 3.14.2 (32-bit)
2025-12-26 22:49:36,787 | INFO | Config saved to data/config.json
2025-12-26 22:49:36,877 | INFO | ZKFinger: dll_path=C:\Users\mohaa\Desktop\monclub_access_python\app\sdk\libzkfp.dll
2025-12-26 22:49:36,877 | INFO | ZKFinger: dll_dir=C:\Users\mohaa\Desktop\monclub_access_python\app\sdk
2025-12-26 22:49:36,913 | INFO | ZKFinger: dll_arch=x86 | python_arch=x86 | platform=Windows-11-10.0.26200-SP0
2025-12-26 22:49:36,913 | INFO | ZKFinger: added DLL directory: C:\Users\mohaa\Desktop\monclub_access_python\app\sdk
2025-12-26 22:49:36,928 | INFO | ZKFinger: PE imports: KERNEL32.dll, OLEAUT32.dll, ZKFPCap.dll, fpslib.dll
2025-12-26 22:49:40,344 | INFO | ZKFinger: dll_path=C:\Users\mohaa\Desktop\monclub_access_python\app\sdk\libzkfp.dll
2025-12-26 22:49:40,344 | INFO | ZKFinger: dll_dir=C:\Users\mohaa\Desktop\monclub_access_python\app\sdk
2025-12-26 22:49:40,345 | INFO | ZKFinger: dll_arch=x86 | python_arch=x86 | platform=Windows-11-10.0.26200-SP0
2025-12-26 22:49:40,345 | INFO | ZKFinger: added DLL directory: C:\Users\mohaa\Desktop\monclub_access_python\app\sdk
2025-12-26 22:49:40,345 | INFO | ZKFinger: PE imports: KERNEL32.dll, OLEAUT32.dll, ZKFPCap.dll, fpslib.dll
2025-12-26 22:49:40,384 | INFO | ZKFPM_Init rc=-1
2025-12-26 22:49:40,385 | ERROR | Scanner init failed
Traceback (most recent call last):
  File "C:\Users\mohaa\Desktop\monclub_access_python\app\ui\pages\enroll_page.py", line 71, in init_scanner
    self.zk.init()
    ~~~~~~~~~~~~^^
  File "C:\Users\mohaa\Desktop\monclub_access_python\app\sdk\zkfinger.py", line 420, in init
    raise ZKFingerError(f"ZKFPM_Init failed: {_rc_explain(rc)}{hint}")
app.sdk.zkfinger.ZKFingerError: ZKFPM_Init failed: -1 (Failed to initialize the algorithm library)
Most common causes for rc=-1:
1) You copied only libzkfp.dll but NOT the full SDK x86 DLL set (algorithm module is missing).
2) The ZKFinger SDK driver is not installed / not working.
Fix:
- Install the driver that comes with the official ZKFinger SDK.
- Copy ALL DLLs from the official SDK demo x86 'bin' folder into: C:\Users\mohaa\Desktop\monclub_access_python\app\sdk
- Reboot (sometimes needed after driver install), then restart the app.

